// Jest Snapshot v1, https://goo.gl/fbAQLP

exports[`should render AbsenceListItem correctly 1`] = `
<div
  className="content-container-table"
>
  <BootstrapTableContainer
    columns={
      Array [
        Object {
          "dataField": "name",
          "sort": true,
          "text": "Member name",
        },
        Object {
          "dataField": "type",
          "sort": true,
          "text": "Absence Type",
        },
        Object {
          "dataField": "createdAt",
          "text": "Created On",
        },
        Object {
          "dataField": "startDate",
          "text": "Start date",
        },
        Object {
          "dataField": "endDate",
          "text": "End Date",
        },
        Object {
          "dataField": "status",
          "sort": true,
          "text": "Status",
        },
        Object {
          "dataField": "admitterNote",
          "text": "Admitter's Note",
        },
      ]
    }
    data={
      Array [
        Object {
          "admitterNote": "Sorry",
          "createdAt": "01.Jan.1970",
          "endDate": "09.Jan.1970",
          "key": undefined,
          "name": "Mike",
          "startDate": "01.Jan.1970",
          "status": "Rejected",
          "type": "vacation",
        },
        Object {
          "admitterNote": "",
          "createdAt": "28.Dec.1969",
          "endDate": "01.Jan.1970",
          "key": undefined,
          "name": "Ines",
          "startDate": "28.Dec.1969",
          "status": "Confirmed",
          "type": "sickness",
        },
        Object {
          "admitterNote": "",
          "createdAt": "05.Jan.1970",
          "endDate": "07.Jan.1970",
          "key": undefined,
          "name": "Daniel",
          "startDate": "05.Jan.1970",
          "status": "Rejected",
          "type": "vacation",
        },
      ]
    }
    id="table-absences"
    keyField="key"
    pagination={
      Object {
        "createContext": [Function],
        "options": Object {},
      }
    }
  />
</div>
`;
