// Jest Snapshot v1, https://goo.gl/fbAQLP

exports[`should render AbsenceList correctly 1`] = `
<div>
  <div>
    <AbsenceListItem
      crewId={352}
      id={709}
      image="https://loremflickr.com/300/400"
      key="1"
      name="Max"
      userId={644}
    />
    <AbsenceListItem
      crewId={352}
      id={713}
      image="https://loremflickr.com/300/400"
      key="2"
      name="Ines"
      userId={649}
    />
  </div>
</div>
`;
