// Jest Snapshot v1, https://goo.gl/fbAQLP

exports[`should render Header correctly 1`] = `
<header
  className="header"
>
  <div
    className="content-container"
  >
    <Link
      className="header__title"
      to="/"
    >
      <img
        className="header__logo"
        src="/images/logo.png"
      />
      <h1>
        Absence Manager
      </h1>
    </Link>
  </div>
</header>
`;
